Standard Commons Logging discovery in action with spring-jcl: please remove commons-logging.jar from classpath in order to avoid potential conflicts

  .   ____          _            __ _ _
 /\\ / ___'_ __ _ _(_)_ __  __ _ \ \ \ \
( ( )\___ | '_ | '_| | '_ \/ _` | \ \ \ \
 \\/  ___)| |_)| | | | | || (_| |  ) ) ) )
  '  |____| .__|_| |_|_| |_\__, | / / / /
 =========|_|==============|___/=/_/_/_/
 :: Spring Boot ::                (v3.2.2)

2026-02-15T17:35:31.178+05:30  INFO 71556 --- [auth-service] [           main] c.s.b.SnapittServiceApplication          : Starting SnapittServiceApplication v0.0.1-SNAPSHOT using Java 21.0.9 with PID 71556 (/Users/kshitijsingh/MyProjects/snappit-auth/build/libs/auth-service-0.0.1-SNAPSHOT.jar started by kshitijsingh in /Users/kshitijsingh/MyProjects/snappit-auth)
2026-02-15T17:35:31.181+05:30  INFO 71556 --- [auth-service] [           main] c.s.b.SnapittServiceApplication          : No active profile set, falling back to 1 default profile: "default"
2026-02-15T17:35:32.723+05:30  INFO 71556 --- [auth-service] [           main] .s.d.r.c.RepositoryConfigurationDelegate : Bootstrapping Spring Data MongoDB repositories in DEFAULT mode.
2026-02-15T17:35:32.820+05:30  INFO 71556 --- [auth-service] [           main] .s.d.r.c.RepositoryConfigurationDelegate : Finished Spring Data repository scanning in 91 ms. Found 11 MongoDB repository interfaces.
2026-02-15T17:35:33.504+05:30  INFO 71556 --- [auth-service] [           main] o.s.b.w.embedded.tomcat.TomcatWebServer  : Tomcat initialized with port 8080 (http)
2026-02-15T17:35:33.520+05:30  INFO 71556 --- [auth-service] [           main] o.apache.catalina.core.StandardService   : Starting service [Tomcat]
2026-02-15T17:35:33.520+05:30  INFO 71556 --- [auth-service] [           main] o.apache.catalina.core.StandardEngine    : Starting Servlet engine: [Apache Tomcat/10.1.18]
2026-02-15T17:35:33.566+05:30  INFO 71556 --- [auth-service] [           main] o.a.c.c.C.[Tomcat].[localhost].[/]       : Initializing Spring embedded WebApplicationContext
2026-02-15T17:35:33.567+05:30  INFO 71556 --- [auth-service] [           main] w.s.c.ServletWebServerApplicationContext : Root WebApplicationContext: initialization completed in 2247 ms
Standard Commons Logging discovery in action with spring-jcl: please remove commons-logging.jar from classpath in order to avoid potential conflicts
2026-02-15T17:35:33.876+05:30  INFO 71556 --- [auth-service] [           main] org.mongodb.driver.client                : MongoClient with metadata {"application": {"name": "Ecommerce"}, "driver": {"name": "mongo-java-driver|sync|spring-boot", "version": "4.11.1"}, "os": {"type": "Darwin", "name": "Mac OS X", "architecture": "x86_64", "version": "12.7.6"}, "platform": "Java/Amazon.com Inc./21.0.9+10-LTS"} created with settings MongoClientSettings{readPreference=primary, writeConcern=WriteConcern{w=null, wTimeout=null ms, journal=null}, retryWrites=true, retryReads=true, readConcern=ReadConcern{level=null}, credential=MongoCredential{mechanism=null, userName='nikhilarsid', source='admin', password=<hidden>, mechanismProperties=<hidden>}, transportSettings=null, streamFactoryFactory=null, commandListeners=[], codecRegistry=ProvidersCodecRegistry{codecProviders=[ValueCodecProvider{}, BsonValueCodecProvider{}, DBRefCodecProvider{}, DBObjectCodecProvider{}, DocumentCodecProvider{}, CollectionCodecProvider{}, IterableCodecProvider{}, MapCodecProvider{}, GeoJsonCodecProvider{}, GridFSFileCodecProvider{}, Jsr310CodecProvider{}, JsonObjectCodecProvider{}, BsonCodecProvider{}, EnumCodecProvider{}, com.mongodb.client.model.mql.ExpressionCodecProvider@108e9837, com.mongodb.Jep395RecordCodecProvider@79a201cf, com.mongodb.KotlinCodecProvider@1cbc5693]}, loggerSettings=LoggerSettings{maxDocumentLength=1000}, clusterSettings={hosts=[127.0.0.1:27017], srvHost=ecommerce.s8ky35y.mongodb.net, srvServiceName=mongodb, mode=MULTIPLE, requiredClusterType=REPLICA_SET, requiredReplicaSetName='atlas-ai2wsc-shard-0', serverSelector='null', clusterListeners='[]', serverSelectionTimeout='30000 ms', localThreshold='15 ms'}, socketSettings=SocketSettings{connectTimeoutMS=10000, readTimeoutMS=0, receiveBufferSize=0, proxySettings=ProxySettings{host=null, port=null, username=null, password=null}}, heartbeatSocketSettings=SocketSettings{connectTimeoutMS=10000, readTimeoutMS=10000, receiveBufferSize=0, proxySettings=ProxySettings{host=null, port=null, username=null, password=null}}, connectionPoolSettings=ConnectionPoolSettings{maxSize=100, minSize=0, maxWaitTimeMS=120000, maxConnectionLifeTimeMS=0, maxConnectionIdleTimeMS=0, maintenanceInitialDelayMS=0, maintenanceFrequencyMS=60000, connectionPoolListeners=[], maxConnecting=2}, serverSettings=ServerSettings{heartbeatFrequencyMS=10000, minHeartbeatFrequencyMS=500, serverListeners='[]', serverMonitorListeners='[]'}, sslSettings=SslSettings{enabled=true, invalidHostNameAllowed=false, context=null}, applicationName='Ecommerce', compressorList=[], uuidRepresentation=JAVA_LEGACY, serverApi=null, autoEncryptionSettings=null, dnsClient=null, inetAddressResolver=null, contextProvider=null}
2026-02-15T17:35:33.880+05:30  INFO 71556 --- [auth-service] [35y.mongodb.net] org.mongodb.driver.cluster               : Adding discovered server ac-vuun8eq-shard-00-00.s8ky35y.mongodb.net:27017 to client view of cluster
2026-02-15T17:35:33.924+05:30  INFO 71556 --- [auth-service] [35y.mongodb.net] org.mongodb.driver.cluster               : Adding discovered server ac-vuun8eq-shard-00-01.s8ky35y.mongodb.net:27017 to client view of cluster
2026-02-15T17:35:33.928+05:30  INFO 71556 --- [auth-service] [35y.mongodb.net] org.mongodb.driver.cluster               : Adding discovered server ac-vuun8eq-shard-00-02.s8ky35y.mongodb.net:27017 to client view of cluster
2026-02-15T17:35:34.469+05:30  INFO 71556 --- [auth-service] [           main] org.mongodb.driver.cluster               : No server chosen by WritableServerSelector from cluster description ClusterDescription{type=REPLICA_SET, connectionMode=MULTIPLE, serverDescriptions=[ServerDescription{address=ac-vuun8eq-shard-00-01.s8ky35y.mongodb.net:27017, type=UNKNOWN, state=CONNECTING}, ServerDescription{address=ac-vuun8eq-shard-00-00.s8ky35y.mongodb.net:27017, type=UNKNOWN, state=CONNECTING}, ServerDescription{address=ac-vuun8eq-shard-00-02.s8ky35y.mongodb.net:27017, type=UNKNOWN, state=CONNECTING}]}. Waiting for 30000 ms before timing out
2026-02-15T17:35:34.678+05:30  INFO 71556 --- [auth-service] [ngodb.net:27017] org.mongodb.driver.cluster               : Monitor thread successfully connected to server with description ServerDescription{address=ac-vuun8eq-shard-00-00.s8ky35y.mongodb.net:27017, type=REPLICA_SET_SECONDARY, state=CONNECTED, ok=true, minWireVersion=0, maxWireVersion=25, maxDocumentSize=16777216, logicalSessionTimeoutMinutes=30, roundTripTimeNanos=458253803, setName='atlas-ai2wsc-shard-0', canonicalAddress=ac-vuun8eq-shard-00-00.s8ky35y.mongodb.net:27017, hosts=[ac-vuun8eq-shard-00-00.s8ky35y.mongodb.net:27017, ac-vuun8eq-shard-00-02.s8ky35y.mongodb.net:27017, ac-vuun8eq-shard-00-01.s8ky35y.mongodb.net:27017], passives=[], arbiters=[], primary='ac-vuun8eq-shard-00-02.s8ky35y.mongodb.net:27017', tagSet=TagSet{[Tag{name='availabilityZone', value='aps1-az1'}, Tag{name='diskState', value='READY'}, Tag{name='nodeType', value='ELECTABLE'}, Tag{name='provider', value='AWS'}, Tag{name='region', value='AP_SOUTH_1'}, Tag{name='workloadType', value='OPERATIONAL'}]}, electionId=null, setVersion=255, topologyVersion=TopologyVersion{processId=698f3f42662c0b76cafa69ca, counter=4}, lastWriteDate=Sun Feb 15 17:35:34 IST 2026, lastUpdateTimeNanos=118236618133808}
2026-02-15T17:35:34.678+05:30  INFO 71556 --- [auth-service] [ngodb.net:27017] org.mongodb.driver.cluster               : Monitor thread successfully connected to server with description ServerDescription{address=ac-vuun8eq-shard-00-01.s8ky35y.mongodb.net:27017, type=REPLICA_SET_SECONDARY, state=CONNECTED, ok=true, minWireVersion=0, maxWireVersion=25, maxDocumentSize=16777216, logicalSessionTimeoutMinutes=30, roundTripTimeNanos=458347066, setName='atlas-ai2wsc-shard-0', canonicalAddress=ac-vuun8eq-shard-00-01.s8ky35y.mongodb.net:27017, hosts=[ac-vuun8eq-shard-00-00.s8ky35y.mongodb.net:27017, ac-vuun8eq-shard-00-02.s8ky35y.mongodb.net:27017, ac-vuun8eq-shard-00-01.s8ky35y.mongodb.net:27017], passives=[], arbiters=[], primary='ac-vuun8eq-shard-00-02.s8ky35y.mongodb.net:27017', tagSet=TagSet{[Tag{name='availabilityZone', value='aps1-az3'}, Tag{name='diskState', value='READY'}, Tag{name='nodeType', value='ELECTABLE'}, Tag{name='provider', value='AWS'}, Tag{name='region', value='AP_SOUTH_1'}, Tag{name='workloadType', value='OPERATIONAL'}]}, electionId=null, setVersion=255, topologyVersion=TopologyVersion{processId=698f440f2442dea2b142e627, counter=3}, lastWriteDate=Sun Feb 15 17:35:34 IST 2026, lastUpdateTimeNanos=118236618222269}
2026-02-15T17:35:34.679+05:30  INFO 71556 --- [auth-service] [ngodb.net:27017] org.mongodb.driver.cluster               : Monitor thread successfully connected to server with description ServerDescription{address=ac-vuun8eq-shard-00-02.s8ky35y.mongodb.net:27017, type=REPLICA_SET_PRIMARY, state=CONNECTED, ok=true, minWireVersion=0, maxWireVersion=25, maxDocumentSize=16777216, logicalSessionTimeoutMinutes=30, roundTripTimeNanos=458285298, setName='atlas-ai2wsc-shard-0', canonicalAddress=ac-vuun8eq-shard-00-02.s8ky35y.mongodb.net:27017, hosts=[ac-vuun8eq-shard-00-00.s8ky35y.mongodb.net:27017, ac-vuun8eq-shard-00-02.s8ky35y.mongodb.net:27017, ac-vuun8eq-shard-00-01.s8ky35y.mongodb.net:27017], passives=[], arbiters=[], primary='ac-vuun8eq-shard-00-02.s8ky35y.mongodb.net:27017', tagSet=TagSet{[Tag{name='availabilityZone', value='aps1-az2'}, Tag{name='diskState', value='READY'}, Tag{name='nodeType', value='ELECTABLE'}, Tag{name='provider', value='AWS'}, Tag{name='region', value='AP_SOUTH_1'}, Tag{name='workloadType', value='OPERATIONAL'}]}, electionId=7fffffff000000000000036d, setVersion=255, topologyVersion=TopologyVersion{processId=698f41b6d81d5080ef7a0f9b, counter=6}, lastWriteDate=Sun Feb 15 17:35:34 IST 2026, lastUpdateTimeNanos=118236618180875}
2026-02-15T17:35:34.683+05:30  INFO 71556 --- [auth-service] [ngodb.net:27017] org.mongodb.driver.cluster               : Discovered replica set primary ac-vuun8eq-shard-00-02.s8ky35y.mongodb.net:27017 with max election id 7fffffff000000000000036d and max set version 255
2026-02-15T17:35:36.942+05:30  INFO 71556 --- [auth-service] [           main] c.s.b.m.event.processor.EventProcessor   : Registered handler for event type: POST_CREATED
2026-02-15T17:35:36.944+05:30  INFO 71556 --- [auth-service] [           main] c.s.b.m.event.processor.EventProcessor   : Registered handler for event type: STORY_CREATED
2026-02-15T17:35:36.944+05:30  INFO 71556 --- [auth-service] [           main] c.s.b.m.event.processor.EventProcessor   : Registered handler for event type: POST_LIKED
2026-02-15T17:35:36.944+05:30  INFO 71556 --- [auth-service] [           main] c.s.b.m.event.processor.EventProcessor   : Registered handler for event type: COMMENT_CREATED
2026-02-15T17:35:36.944+05:30  INFO 71556 --- [auth-service] [           main] c.s.b.m.event.processor.EventProcessor   : Registered handler for event type: FOLLOW_ACCEPTED
2026-02-15T17:35:36.944+05:30  INFO 71556 --- [auth-service] [           main] c.s.b.m.e.c.EventHandlerConfiguration    : Event handlers registered successfully
2026-02-15T17:35:36.953+05:30  INFO 71556 --- [auth-service] [           main] c.s.b.m.event.adapter.EventCDCAdapter    : Event CDC Adapter initialized with worker ID: worker-1
2026-02-15T17:35:37.014+05:30  INFO 71556 --- [auth-service] [DC-ChangeStream] c.s.b.m.event.adapter.EventCDCAdapter    : Change stream listener started for 'events' collection
2026-02-15T17:35:37.199+05:30  WARN 71556 --- [auth-service] [           main] .s.s.UserDetailsServiceAutoConfiguration : 

Using generated security password: 94a58009-ef7d-4216-a26f-9a43da56e283

This generated password is for development use only. Your security configuration must be updated before running your application in production.

2026-02-15T17:35:37.587+05:30  INFO 71556 --- [auth-service] [           main] o.s.s.web.DefaultSecurityFilterChain     : Will secure any request with [org.springframework.security.web.session.DisableEncodeUrlFilter@18b04526, org.springframework.security.web.context.request.async.WebAsyncManagerIntegrationFilter@2fd4312a, org.springframework.security.web.context.SecurityContextHolderFilter@c0013b8, org.springframework.security.web.header.HeaderWriterFilter@6dbbdf92, org.springframework.web.filter.CorsFilter@31b6fb14, org.springframework.security.web.authentication.logout.LogoutFilter@4c8d45cf, com.snapitt.backend_service.security.JwtAuthenticationFilter@c212536, org.springframework.security.web.savedrequest.RequestCacheAwareFilter@2493eec6, org.springframework.security.web.servletapi.SecurityContextHolderAwareRequestFilter@42d174ad, org.springframework.security.web.authentication.AnonymousAuthenticationFilter@3eee08f5, org.springframework.security.web.session.SessionManagementFilter@3722f39d, org.springframework.security.web.access.ExceptionTranslationFilter@4d065e1a, org.springframework.security.web.access.intercept.AuthorizationFilter@26270b77]
2026-02-15T17:35:38.000+05:30  INFO 71556 --- [auth-service] [           main] o.s.b.w.embedded.tomcat.TomcatWebServer  : Tomcat started on port 8080 (http) with context path ''
2026-02-15T17:35:38.020+05:30  INFO 71556 --- [auth-service] [           main] c.s.b.SnapittServiceApplication          : Started SnapittServiceApplication in 7.39 seconds (process running for 8.161)
2026-02-15T17:35:42.572+05:30  INFO 71556 --- [auth-service] [nio-8080-exec-1] o.a.c.c.C.[Tomcat].[localhost].[/]       : Initializing Spring DispatcherServlet 'dispatcherServlet'
2026-02-15T17:35:42.573+05:30  INFO 71556 --- [auth-service] [nio-8080-exec-1] o.s.web.servlet.DispatcherServlet        : Initializing Servlet 'dispatcherServlet'
2026-02-15T17:35:42.577+05:30  INFO 71556 --- [auth-service] [nio-8080-exec-1] o.s.web.servlet.DispatcherServlet        : Completed initialization in 4 ms
2026-02-15T17:35:42.617+05:30 DEBUG 71556 --- [auth-service] [nio-8080-exec-1] o.s.security.web.FilterChainProxy        : Securing POST /v1/auth/signup
2026-02-15T17:35:42.632+05:30 DEBUG 71556 --- [auth-service] [nio-8080-exec-1] o.s.s.w.a.AnonymousAuthenticationFilter  : Set SecurityContextHolder to anonymous SecurityContext
2026-02-15T17:35:42.634+05:30 DEBUG 71556 --- [auth-service] [nio-8080-exec-1] o.s.security.web.FilterChainProxy        : Secured POST /v1/auth/signup
2026-02-15T17:35:43.752+05:30 DEBUG 71556 --- [auth-service] [nio-8080-exec-3] o.s.security.web.FilterChainProxy        : Securing POST /v1/auth/signup
2026-02-15T17:35:43.753+05:30 DEBUG 71556 --- [auth-service] [nio-8080-exec-3] o.s.s.w.a.AnonymousAuthenticationFilter  : Set SecurityContextHolder to anonymous SecurityContext
2026-02-15T17:35:43.753+05:30 DEBUG 71556 --- [auth-service] [nio-8080-exec-3] o.s.security.web.FilterChainProxy        : Secured POST /v1/auth/signup
2026-02-15T17:35:44.068+05:30 DEBUG 71556 --- [auth-service] [nio-8080-exec-5] o.s.security.web.FilterChainProxy        : Securing POST /api/v1/posts
2026-02-15T17:35:44.170+05:30 DEBUG 71556 --- [auth-service] [nio-8080-exec-5] o.s.security.web.FilterChainProxy        : Secured POST /api/v1/posts
2026-02-15T17:35:44.416+05:30 DEBUG 71556 --- [auth-service] [nio-8080-exec-7] o.s.security.web.FilterChainProxy        : Securing POST /api/v1/posts
2026-02-15T17:35:44.456+05:30 DEBUG 71556 --- [auth-service] [nio-8080-exec-7] o.s.security.web.FilterChainProxy        : Secured POST /api/v1/posts
2026-02-15T17:35:44.607+05:30 DEBUG 71556 --- [auth-service] [nio-8080-exec-9] o.s.security.web.FilterChainProxy        : Securing POST /api/v1/follow/userB_T1771157142N
2026-02-15T17:35:44.647+05:30 DEBUG 71556 --- [auth-service] [nio-8080-exec-9] o.s.security.web.FilterChainProxy        : Secured POST /api/v1/follow/userB_T1771157142N
2026-02-15T17:35:45.885+05:30 DEBUG 71556 --- [auth-service] [nio-8080-exec-1] o.s.security.web.FilterChainProxy        : Securing POST /api/v1/follow/userA_T1771157142N
2026-02-15T17:35:45.924+05:30 DEBUG 71556 --- [auth-service] [nio-8080-exec-1] o.s.security.web.FilterChainProxy        : Secured POST /api/v1/follow/userA_T1771157142N
2026-02-15T17:35:47.125+05:30 DEBUG 71556 --- [auth-service] [nio-8080-exec-3] o.s.security.web.FilterChainProxy        : Securing POST /api/v1/follow/userB_T1771157142N/approve
2026-02-15T17:35:47.164+05:30 DEBUG 71556 --- [auth-service] [nio-8080-exec-3] o.s.security.web.FilterChainProxy        : Secured POST /api/v1/follow/userB_T1771157142N/approve
2026-02-15T17:35:50.360+05:30 DEBUG 71556 --- [auth-service] [nio-8080-exec-4] o.s.security.web.FilterChainProxy        : Securing POST /api/v1/follow/userA_T1771157142N/approve
2026-02-15T17:35:50.402+05:30 DEBUG 71556 --- [auth-service] [nio-8080-exec-4] o.s.security.web.FilterChainProxy        : Secured POST /api/v1/follow/userA_T1771157142N/approve
2026-02-15T17:35:53.592+05:30 DEBUG 71556 --- [auth-service] [nio-8080-exec-6] o.s.security.web.FilterChainProxy        : Securing POST /v1/auth/signup
2026-02-15T17:35:53.631+05:30 DEBUG 71556 --- [auth-service] [nio-8080-exec-6] o.s.security.web.FilterChainProxy        : Secured POST /v1/auth/signup
2026-02-15T17:35:53.670+05:30  WARN 71556 --- [auth-service] [nio-8080-exec-6] c.s.b.m.a.c.e.GlobalExceptionHandler     : AuthException handled: USERNAME_ALREADY_EXISTS Username already in use
2026-02-15T17:35:53.731+05:30 DEBUG 71556 --- [auth-service] [nio-8080-exec-8] o.s.security.web.FilterChainProxy        : Securing POST /v1/auth/signup
2026-02-15T17:35:53.771+05:30 DEBUG 71556 --- [auth-service] [nio-8080-exec-8] o.s.security.web.FilterChainProxy        : Secured POST /v1/auth/signup
2026-02-15T17:35:53.814+05:30  WARN 71556 --- [auth-service] [nio-8080-exec-8] c.s.b.m.a.c.e.GlobalExceptionHandler     : AuthException handled: USERNAME_ALREADY_EXISTS Username already in use
2026-02-15T17:35:53.869+05:30 DEBUG 71556 --- [auth-service] [io-8080-exec-10] o.s.security.web.FilterChainProxy        : Securing GET /api/v1/feed/posts?limit=20
2026-02-15T17:35:53.906+05:30 DEBUG 71556 --- [auth-service] [io-8080-exec-10] o.s.security.web.FilterChainProxy        : Secured GET /api/v1/feed/posts?limit=20
2026-02-15T17:35:54.014+05:30 DEBUG 71556 --- [auth-service] [nio-8080-exec-2] o.s.security.web.FilterChainProxy        : Securing GET /api/v1/feed/posts?limit=20
2026-02-15T17:35:54.060+05:30 DEBUG 71556 --- [auth-service] [nio-8080-exec-2] o.s.security.web.FilterChainProxy        : Secured GET /api/v1/feed/posts?limit=20
